<html>
<body>
<pre>
<h1>礦ision Build Log</h1>
<h2>Project:</h2>
E:\比赛\TI校内选拔赛\USER\TI.uvproj
Project File Date:  04/15/2015

<h2>Output:</h2>
Build target 'Target 1'
compiling main.c...
..\HARDWARE\BUJIN\bujin.h(5): warning:  #1295-D: Deprecated declaration bujin_init - give arg types
  void bujin_init();
..\HARDWARE\BUJIN\bujin.h(8): warning:  #1295-D: Deprecated declaration Moter_Stop - give arg types
  void Moter_Stop();
..\HARDWARE\BUJIN\bujin.h(10): warning:  #1-D: last line of file ends without a newline
  #endif
tar.h(5): warning:  #1295-D: Deprecated declaration tar1 - give arg types
  void tar1();
tar.h(6): warning:  #1295-D: Deprecated declaration tar2 - give arg types
  void tar2();
tar.h(7): warning:  #1295-D: Deprecated declaration tar3 - give arg types
  void tar3();
tar.h(9): warning:  #1-D: last line of file ends without a newline
  #endif
..\HARDWARE\UART2\uart2.h(6): warning:  #1-D: last line of file ends without a newline
  #endif
..\HARDWARE\EXTI\exti.h(7): warning:  #1-D: last line of file ends without a newline
  #endif
main.c(57): warning:  #111-D: statement is unreachable
        return 0;
main.c: 10 warnings, 0 errors
compiling bujin.c...
..\HARDWARE\BUJIN\bujin.h(5): warning:  #1295-D: Deprecated declaration bujin_init - give arg types
  void bujin_init();
..\HARDWARE\BUJIN\bujin.h(8): warning:  #1295-D: Deprecated declaration Moter_Stop - give arg types
  void Moter_Stop();
..\HARDWARE\BUJIN\bujin.h(10): warning:  #1-D: last line of file ends without a newline
  #endif
..\HARDWARE\BUJIN\bujin.c(77): warning:  #9-D: nested comment is not allowed
  }/*
..\HARDWARE\BUJIN\bujin.c(80): warning:  #9-D: nested comment is not allowed
  /*
..\HARDWARE\BUJIN\bujin.c: 5 warnings, 0 errors
linking...
Program Size: Code=10096 RO-data=336 RW-data=56 ZI-data=1832  
FromELF: creating hex file...
"..\OBJ\ti.axf" - 0 Error(s), 15 Warning(s).
</pre>
</body>
</html>
