<html>
<body>
<pre>
<h1>礦ision Build Log</h1>
<h2>Project:</h2>
E:\比赛\TI校内选拔赛\USER\TI.uvproj
Project File Date:  04/01/2015

<h2>Output:</h2>
Build target 'Target 1'
compiling tar.c...
tar.h(5): warning:  #1295-D: Deprecated declaration tar1 - give arg types
  void tar1();
tar.h(6): warning:  #1295-D: Deprecated declaration tar2 - give arg types
  void tar2();
tar.h(7): warning:  #1295-D: Deprecated declaration tar3 - give arg types
  void tar3();
tar.h(9): warning:  #1-D: last line of file ends without a newline
  #endif
..\HARDWARE\BUJIN\bujin.h(5): warning:  #1295-D: Deprecated declaration bujin_init - give arg types
  void bujin_init();
..\HARDWARE\BUJIN\bujin.h(8): warning:  #1295-D: Deprecated declaration Moter_Stop - give arg types
  void Moter_Stop();
..\HARDWARE\BUJIN\bujin.h(10): warning:  #1-D: last line of file ends without a newline
  #endif
tar.c: 7 warnings, 0 errors
linking...
Program Size: Code=10096 RO-data=336 RW-data=56 ZI-data=1832  
FromELF: creating hex file...
"..\OBJ\ti.axf" - 0 Error(s), 7 Warning(s).
</pre>
</body>
</html>
ive arg types
  void bujin_init();
..\HARDWARE\BUJIN\bujin.h(8): warning:  #1295-D: Deprecated declaration Moter_Stop - give arg types
  void Moter_Stop();
..\HARDWARE\BUJIN\bujin.h(10): warning:  #1-D: last line of file ends without a newline
  #endif
..\HARDWARE\BUJIN\bujin.c(77): warning:  #9-D: nested comment is not allowed
  }/*
..\HARDWARE\BUJIN\bujin.c(80): warning:  #9-D: nested comment is not allowed
  /*
..\HARDWARE\BUJIN\bujin.c: 5 warnings, 0 errors
linking...
Program Size: Code=10052 RO-data=336 RW-data=56 ZI-data=1832  
FromELF: creating hex file...
"..\OBJ\ti.axf" - 0 Error(s), 13 Warning(s).
1-D: last line of file ends without a newline
  #endif
..\HARDWARE\BUJIN\bujin.h(5): warning:  #1295-D: Deprecated declaration bujin_init - give arg types
  void bujin_init();
..\HARDWARE\BUJIN\bujin.h(8): warning:  #1295-D: Deprecated declaration Moter_Stop - give arg types
  void Moter_Stop();
..\HARDWARE\BUJIN\bujin.h(10): warning:  #1-D: last line of file ends without a newline
  #endif
tar.c(13): error:  #165: too few arguments in function call
                Moter_Go(6,0);
tar.c: 7 warnings, 1 error
compiling bujin.c...
..\HARDWARE\BUJIN\bujin.h(5): warning:  #1295-D: Deprecated declaration bujin_init - give arg types
  void bujin_init();
..\HARDWARE\BUJIN\bujin.h(8): warning:  #1295-D: Deprecated declaration Moter_Stop - give arg types
  void Moter_Stop();
..\HARDWARE\BUJIN\bujin.h(10): warning:  #1-D: last line of file ends without a newline
  #endif
..\HARDWARE\BUJIN\bujin.c(77): warning:  #9-D: nested comment is not allowed
  }/*
..\HARDWARE\BUJIN\bujin.c(80): warning:  #9-D: nested comment is not allowed
  /*
..\HARDWARE\BUJIN\bujin.c(120): error: At end of source:  #67: expected a "}"
..\HARDWARE\BUJIN\bujin.c: 5 warnings, 1 error
"..\OBJ\ti.axf" - 2 Error(s), 24 Warning(s).
Target not created
oject File to "E:\比赛\TI校内选拔赛\USER\JLinkSettings.ini"
* JLink Info: Device "STM32F103RC" selected (256 KB flash, 48 KB RAM).
 
JLink info:
------------
DLL: V4.80g, compiled Feb 13 2014 20:50:02
Firmware: J-Link ARM V8 compiled Nov 25 2013 19:20:08
Hardware: V8.00
S/N : 17935099 
Feature(s) : RDI,FlashDL,FlashBP,JFlash 
 
* JLink Info: Could not measure total IR len. TDO is constant high.
* JLink Info: STM32F1xxx: Can not attach to CPU. Trying connect under reset.
* JLink Info: TotalIRLen = 9, IRPrint = 0x0011
* JLink Info: TotalIRLen = 9, IRPrint = 0x0011
* JLink Info: Found Cortex-M3 r1p1, Little endian.
* JLink Info: FPUnit: 6 code (BP) slots and 2 literal slots
* JLink Info: TPIU fitted.
* JLink Info: ETM fitted.
ROMTableAddr = 0xE00FF003
 
Target info:
------------
Device: STM32F103RC
VTarget = 3.332V
State of Pins: 
TCK: 1, TDI: 0, TDO: 1, TMS: 0, TRES: 1, TRST: 1
Hardware-Breakpoints: 6
Software-Breakpoints: 8192
Watchpoints:          4
JTAG speed: 2000 kHz
 
Include "E:\\比赛\\TI校内选拔赛\\USER\\JLinkSettings.ini" 
[BREAKPOINTS]
^
*** error 10: Syntax error
No Algorithm found for: 08000000H - 0800279FH
Erase skipped!
Error: Flash Download failed  -  "Cortex-M3"
***JLink Error: Bad JTAG communication: Write to IR: Expected 0x1, got 0xF (TAP Command : 10) @ Off 0x5.
Load "..\\OBJ\\ti.axf" 
Set JLink Project File to "E:\比赛\TI校内选拔赛\USER\JLinkSettings.ini"
* JLink Info: Device "STM32F103RC" selected (256 KB flash, 48 KB RAM).
 
JLink info:
------------
DLL: V4.80g, compiled Feb 13 2014 20:50:02
Firmware: J-Link ARM V8 compiled Nov 25 2013 19:20:08
Hardware: V8.00
S/N : 17935099 
Feature(s) : RDI,FlashDL,FlashBP,JFlash 
 
* JLink Info: Could not measure total IR len. TDO is constant high.
* JLink Info: STM32F1xxx: Can not attach to CPU. Trying connect under reset.
* JLink Info: TotalIRLen = 9, IRPrint = 0x0011
* JLink Info: TotalIRLen = 9, IRPrint = 0x0011
* JLink Info: Found Cortex-M3 r1p1, Little endian.
* JLink Info: FPUnit: 6 code (BP) slots and 2 literal slots
* JLink Info: TPIU fitted.
* JLink Info: ETM fitted.
ROMTableAddr = 0xE00FF003
 
Target info:
------------
Device: STM32F103RC
VTarget = 3.332V
State of Pins: 
TCK: 1, TDI: 0, TDO: 1, TMS: 0, TRES: 1, TRST: 1
Hardware-Breakpoints: 6
Software-Breakpoints: 8192
Watchpoints:          4
JTAG speed: 2000 kHz
 
Include "E:\\比赛\\TI校内选拔赛\\USER\\JLinkSettings.ini" 
[BREAKPOINTS]
^
*** error 10: Syntax error
No Algorithm found for: 08000000H - 0800279FH
Erase skipped!
Error: Flash Download failed  -  "Cortex-M3"
***JLink Error: Bad JTAG communication: Write to IR: Expected 0x1, got 0xF (TAP Command : 10) @ Off 0x5.
Load "..\\OBJ\\ti.axf" 
Set JLink Project File to "E:\比赛\TI校内选拔赛\USER\JLinkSettings.ini"
* JLink Info: Device "STM32F103RC" selected (256 KB flash, 48 KB RAM).
 
JLink info:
------------
DLL: V4.80g, compiled Feb 13 2014 20:50:02
Firmware: J-Link ARM V8 compiled Nov 25 2013 19:20:08
Hardware: V8.00
S/N : 17935099 
Feature(s) : RDI,FlashDL,FlashBP,JFlash 
 
* JLink Info: Could not measure total IR len. TDO is constant high.
* JLink Info: STM32F1xxx: Can not attach to CPU. Trying connect under reset.
* JLink Info: TotalIRLen = 9, IRPrint = 0x0011
* JLink Info: TotalIRLen = 9, IRPrint = 0x0011
* JLink Info: Found Cortex-M3 r1p1, Little endian.
* JLink Info: FPUnit: 6 code (BP) slots and 2 literal slots
* JLink Info: TPIU fitted.
* JLink Info: ETM fitted.
ROMTableAddr = 0xE00FF003
 
Target info:
------------
Device: STM32F103RC
VTarget = 3.332V
State of Pins: 
TCK: 1, TDI: 0, TDO: 1, TMS: 0, TRES: 1, TRST: 1
Hardware-Breakpoints: 6
Software-Breakpoints: 8192
Watchpoints:          4
JTAG speed: 2000 kHz
 
Include "E:\\比赛\\TI校内选拔赛\\USER\\JLinkSettings.ini" 
[BREAKPOINTS]
^
*** error 10: Syntax error
No Algorithm found for: 08000000H - 0800279FH
Erase skipped!
Error: Flash Download failed  -  "Cortex-M3"
***JLink Error: Bad JTAG communication: Write to IR: Expected 0x1, got 0xF (TAP Command : 10) @ Off 0x5.
